◇ injected env (15) from .env // tip: ⌘ custom filepath { path: '/custom/path/.env' }
🔗 Tentative de connexion à MongoDB...
🌐 URI (masquée): mongodb+srv://***:***@smartcampuscluster.qmudnkj.mongodb.net/smart_campus_db?retryWrites=true&w=majority
🚀 Serveur HTTP lancé sur le port 5000
🔗 WebSocket disponible sur ws://localhost:5000
📱 Client kiosque connecté via WebSocket
✅ MongoDB connecté : ac-rafv09g-shard-00-01.qmudnkj.mongodb.net
(node:7446) [MONGOOSE] Warning: mongoose: Duplicate schema index on {"timestamp":1} for model "NFCLog". This is often due to declaring an index using both "index: true" and "schema.index()". Please remove the duplicate index definition.
(Use `node --trace-warnings ...` to show where the warning was created)
(node:7446) [MONGOOSE] Warning: mongoose: Duplicate schema index on {"studentId":1} for model "Wallet". This is often due to declaring an index using both "index: true" and "schema.index()". Please remove the duplicate index definition.
🔗 Initialisation du service NFC...
✅ Service NFC démarré
🔗 Service NFC initialisé avec WebSocket
📖 Lecteur connecté: ACS ACR122U
📥 Carte détectée sur ACS ACR122U
   UID: a8****ef
   Type: TAG_ISO_14443_3
📤 Diffusion événement carte via WebSocket: a89fb4ef
📨 Message reçu du kiosque: { type: 'ping' }
📨 Message reçu du kiosque: { type: 'ping' }
📨 Message reçu du kiosque: { type: 'ping' }
📨 Message reçu du kiosque: { type: 'ping' }
📨 Message reçu du kiosque: { type: 'ping' }
📨 Message reçu du kiosque: { type: 'ping' }
📤 Carte retirée: a8****ef
📤 Diffusion carte retirée via WebSocket
📱 Client kiosque connecté via WebSocket
📥 Carte détectée sur ACS ACR122U
   UID: a8****ef
   Type: TAG_ISO_14443_3
📤 Diffusion événement carte via WebSocket: a89fb4ef
📱 Client kiosque déconnecté
📨 Message reçu du kiosque: { type: 'ping' }
⚠️  IA indisponible: fetch failed
📨 Message reçu du kiosque: { type: 'ping' }
📨 Message reçu du kiosque: { type: 'ping' }
📤 Carte retirée: a8****ef
📤 Diffusion carte retirée via WebSocket
📨 Message reçu du kiosque: { type: 'ping' }
📨 Message reçu du kiosque: { type: 'ping' }
📨 Message reçu du kiosque: { type: 'ping' }
📨 Message reçu du kiosque: { type: 'ping' }
📨 Message reçu du kiosque: { type: 'ping' }
📨 Message reçu du kiosque: { type: 'ping' }
📨 Message reçu du kiosque: { type: 'ping' }
📨 Message reçu du kiosque: { type: 'ping' }
📨 Message reçu du kiosque: { type: 'ping' }
📨 Message reçu du kiosque: { type: 'ping' }
📨 Message reçu du kiosque: { type: 'ping' }
📨 Message reçu du kiosque: { type: 'ping' }
